camera: filters ['413', '439', '465', '490'], max radius 0.795 deg, area per filter [0.2606 0.2993 0.2961 0.286 ] deg^2 (THRU)
footprint: 802 centres, radius 0.75 deg, area 1193.6 deg^2
read 2000000 randoms from ../runA/atsushi_randoms_2000000.fits
Fibonacci lattice: 0.3742 deg^2 per tile (110229 all-sky), 3207 inside footprint + 0.0 deg margin
expected mean coverage per filter ~ [2.776 3.188 3.154 3.046] (tiles x rotations x area / footprint area; edge tiles cover outside)
using 2 worker process(es)
[timing] candidate sets in 7.1 s; mean 11192 randoms per tile
[timing] initial coverage in 19.9 s
[timing] 37 layers (mean 86.7 tiles) in 0.1 s
initial all randoms: 413 2.634+-1.115 (0.423) <1.5 13.57% <0.5 1.771%; 439 3.022+-1.133 (0.375) <1.5 8.02% <0.5 0.910%; 465 2.994+-1.196 (0.400) <1.5 10.69% <0.5 1.346%; 490 2.895+-1.090 (0.377) <1.5 9.47% <0.5 1.421%
initial interior (68%): 413 2.770+-1.080 (0.390) <1.5 9.55% <0.5 0.681%; 439 3.185+-1.080 (0.339) <1.5 4.55% <0.5 0.305%; 465 3.152+-1.150 (0.365) <1.5 7.40% <0.5 0.555%; 490 3.049+-1.040 (0.341) <1.5 5.81% <0.5 0.799%
Iter    1 | 413 2.605+-1.072; 439 2.988+-1.111; 465 2.958+-1.112; 490 2.857+-1.067 | sum rms/mean 1.5325 | sigma 0.1000 | acc 1622 rej 1585 | move [0.0032, 0.0949, 0.3816] | rot [7.33, 41.79] | 37.8 s
Iter    2 | 413 2.595+-1.041; 439 2.976+-1.082; 465 2.947+-1.065; 490 2.845+-1.040 | sum rms/mean 1.4917 | sigma 0.0960 | acc 1370 rej 1837 | move [0.0040, 0.0908, 0.3252] | rot [6.22, 31.97] | 36.0 s
Iter    3 | 413 2.586+-1.019; 439 2.964+-1.057; 465 2.935+-1.034; 490 2.834+-1.015 | sum rms/mean 1.4610 | sigma 0.0922 | acc 1165 rej 2042 | move [0.0040, 0.0847, 0.2957] | rot [5.84, 31.99] | 34.2 s
Iter    4 | 413 2.578+-1.003; 439 2.956+-1.037; 465 2.928+-1.011; 490 2.827+-0.996 | sum rms/mean 1.4373 | sigma 0.0885 | acc 1047 rej 2160 | move [0.0019, 0.0740, 0.2609] | rot [5.19, 26.94] | 40.3 s
Iter    5 | 413 2.573+-0.989; 439 2.950+-1.022; 465 2.922+-0.996; 490 2.821+-0.981 | sum rms/mean 1.4192 | sigma 0.0849 | acc 920 rej 2287 | move [0.0025, 0.0708, 0.2558] | rot [4.93, 26.99] | 39.0 s
Iter    6 | 413 2.569+-0.978; 439 2.946+-1.010; 465 2.918+-0.983; 490 2.817+-0.969 | sum rms/mean 1.4044 | sigma 0.0815 | acc 816 rej 2391 | move [0.0011, 0.0647, 0.2505] | rot [4.09, 23.14] | 39.3 s
Iter    7 | 413 2.564+-0.969; 439 2.940+-0.999; 465 2.911+-0.971; 490 2.811+-0.959 | sum rms/mean 1.3925 | sigma 0.0783 | acc 764 rej 2443 | move [0.0029, 0.0627, 0.2186] | rot [4.13, 24.56] | 39.1 s
Iter    8 | 413 2.562+-0.962; 439 2.937+-0.990; 465 2.908+-0.962; 490 2.808+-0.951 | sum rms/mean 1.3821 | sigma 0.0751 | acc 682 rej 2525 | move [0.0009, 0.0577, 0.2082] | rot [4.01, 20.54] | 36.7 s
Iter    9 | 413 2.559+-0.955; 439 2.933+-0.983; 465 2.905+-0.954; 490 2.806+-0.943 | sum rms/mean 1.3727 | sigma 0.0721 | acc 677 rej 2530 | move [0.0027, 0.0572, 0.2199] | rot [3.51, 17.75] | 38.5 s
Iter   10 | 413 2.558+-0.949; 439 2.932+-0.976; 465 2.904+-0.947; 490 2.804+-0.937 | sum rms/mean 1.3642 | sigma 0.0693 | acc 625 rej 2582 | move [0.0037, 0.0527, 0.1622] | rot [3.69, 20.14] | 34.9 s
Iter   11 | 413 2.556+-0.945; 439 2.930+-0.970; 465 2.902+-0.941; 490 2.803+-0.931 | sum rms/mean 1.3570 | sigma 0.0665 | acc 614 rej 2593 | move [0.0033, 0.0487, 0.1819] | rot [2.85, 17.25] | 38.9 s
Iter   12 | 413 2.553+-0.940; 439 2.926+-0.965; 465 2.899+-0.935; 490 2.799+-0.926 | sum rms/mean 1.3514 | sigma 0.0638 | acc 592 rej 2615 | move [0.0008, 0.0434, 0.1791] | rot [2.96, 16.84] | 37.8 s
Iter   13 | 413 2.551+-0.935; 439 2.925+-0.960; 465 2.896+-0.930; 490 2.797+-0.922 | sum rms/mean 1.3455 | sigma 0.0613 | acc 554 rej 2653 | move [0.0014, 0.0422, 0.1501] | rot [2.80, 21.05] | 38.3 s
Iter   14 | 413 2.549+-0.932; 439 2.923+-0.955; 465 2.894+-0.926; 490 2.795+-0.917 | sum rms/mean 1.3405 | sigma 0.0588 | acc 511 rej 2696 | move [0.0040, 0.0431, 0.1609] | rot [2.75, 17.24] | 38.6 s
Iter   15 | 413 2.547+-0.928; 439 2.921+-0.951; 465 2.892+-0.922; 490 2.793+-0.913 | sum rms/mean 1.3356 | sigma 0.0565 | acc 513 rej 2694 | move [0.0021, 0.0408, 0.1549] | rot [2.63, 14.05] | 38.0 s
Iter   16 | 413 2.546+-0.925; 439 2.918+-0.947; 465 2.890+-0.919; 490 2.791+-0.910 | sum rms/mean 1.3314 | sigma 0.0542 | acc 509 rej 2698 | move [0.0009, 0.0380, 0.1511] | rot [2.50, 16.42] | 39.5 s
Iter   17 | 413 2.546+-0.921; 439 2.919+-0.944; 465 2.890+-0.916; 490 2.791+-0.906 | sum rms/mean 1.3269 | sigma 0.0520 | acc 480 rej 2727 | move [0.0020, 0.0364, 0.1372] | rot [2.38, 12.99] | 37.4 s
Iter   18 | 413 2.544+-0.919; 439 2.917+-0.941; 465 2.888+-0.912; 490 2.790+-0.903 | sum rms/mean 1.3233 | sigma 0.0500 | acc 438 rej 2769 | move [0.0020, 0.0339, 0.1435] | rot [2.42, 10.16] | 39.3 s
Iter   19 | 413 2.543+-0.916; 439 2.916+-0.939; 465 2.887+-0.910; 490 2.789+-0.901 | sum rms/mean 1.3200 | sigma 0.0480 | acc 452 rej 2755 | move [0.0009, 0.0316, 0.1171] | rot [2.21, 11.49] | 37.4 s
Iter   20 | 413 2.543+-0.914; 439 2.915+-0.936; 465 2.887+-0.906; 490 2.788+-0.898 | sum rms/mean 1.3165 | sigma 0.0460 | acc 468 rej 2739 | move [0.0033, 0.0323, 0.1210] | rot [2.15, 17.22] | 37.6 s
Iter   21 | 413 2.542+-0.911; 439 2.914+-0.934; 465 2.887+-0.904; 490 2.787+-0.896 | sum rms/mean 1.3134 | sigma 0.0442 | acc 441 rej 2766 | move [0.0012, 0.0321, 0.1094] | rot [1.98, 8.80] | 33.8 s
Iter   22 | 413 2.541+-0.909; 439 2.913+-0.931; 465 2.886+-0.902; 490 2.787+-0.894 | sum rms/mean 1.3109 | sigma 0.0424 | acc 423 rej 2784 | move [0.0011, 0.0289, 0.1021] | rot [1.73, 10.00] | 37.4 s
Iter   23 | 413 2.540+-0.907; 439 2.913+-0.929; 465 2.885+-0.900; 490 2.786+-0.892 | sum rms/mean 1.3080 | sigma 0.0407 | acc 425 rej 2782 | move [0.0022, 0.0310, 0.1031] | rot [2.01, 9.05] | 37.2 s
Iter   24 | 413 2.540+-0.906; 439 2.912+-0.926; 465 2.884+-0.898; 490 2.786+-0.890 | sum rms/mean 1.3056 | sigma 0.0391 | acc 384 rej 2823 | move [0.0003, 0.0270, 0.1032] | rot [1.67, 7.90] | 34.5 s
Iter   25 | 413 2.539+-0.904; 439 2.911+-0.924; 465 2.883+-0.896; 490 2.784+-0.888 | sum rms/mean 1.3033 | sigma 0.0375 | acc 433 rej 2774 | move [0.0013, 0.0273, 0.0829] | rot [1.68, 8.82] | 35.2 s
Iter   26 | 413 2.538+-0.902; 439 2.910+-0.922; 465 2.882+-0.894; 490 2.783+-0.887 | sum rms/mean 1.3011 | sigma 0.0360 | acc 412 rej 2795 | move [0.0010, 0.0265, 0.0844] | rot [1.68, 9.19] | 37.4 s
Iter   27 | 413 2.538+-0.901; 439 2.909+-0.921; 465 2.882+-0.892; 490 2.783+-0.885 | sum rms/mean 1.2991 | sigma 0.0346 | acc 376 rej 2831 | move [0.0022, 0.0248, 0.0936] | rot [1.45, 9.11] | 33.9 s
Iter   28 | 413 2.537+-0.899; 439 2.909+-0.919; 465 2.881+-0.891; 490 2.782+-0.883 | sum rms/mean 1.2968 | sigma 0.0332 | acc 434 rej 2773 | move [0.0020, 0.0253, 0.0692] | rot [1.45, 7.54] | 33.6 s
Iter   29 | 413 2.537+-0.898; 439 2.908+-0.917; 465 2.880+-0.889; 490 2.781+-0.882 | sum rms/mean 1.2949 | sigma 0.0319 | acc 367 rej 2840 | move [0.0024, 0.0225, 0.0770] | rot [1.44, 7.20] | 36.3 s
Iter   30 | 413 2.536+-0.896; 439 2.907+-0.915; 465 2.879+-0.888; 490 2.780+-0.881 | sum rms/mean 1.2933 | sigma 0.0306 | acc 393 rej 2814 | move [0.0009, 0.0210, 0.0782] | rot [1.36, 6.11] | 37.3 s
Iter   31 | 413 2.536+-0.895; 439 2.907+-0.914; 465 2.879+-0.886; 490 2.780+-0.879 | sum rms/mean 1.2916 | sigma 0.0294 | acc 393 rej 2814 | move [0.0014, 0.0207, 0.0660] | rot [1.40, 6.40] | 37.6 s
Iter   32 | 413 2.536+-0.894; 439 2.906+-0.913; 465 2.879+-0.885; 490 2.780+-0.878 | sum rms/mean 1.2898 | sigma 0.0282 | acc 366 rej 2841 | move [0.0011, 0.0199, 0.0732] | rot [1.27, 8.39] | 38.0 s
Iter   33 | 413 2.535+-0.892; 439 2.906+-0.912; 465 2.878+-0.884; 490 2.780+-0.876 | sum rms/mean 1.2882 | sigma 0.0271 | acc 400 rej 2807 | move [0.0002, 0.0200, 0.0750] | rot [1.26, 7.11] | 36.3 s
Iter   34 | 413 2.535+-0.892; 439 2.906+-0.911; 465 2.878+-0.882; 490 2.779+-0.875 | sum rms/mean 1.2868 | sigma 0.0260 | acc 372 rej 2835 | move [0.0014, 0.0184, 0.0705] | rot [1.13, 5.93] | 34.8 s
Iter   35 | 413 2.534+-0.890; 439 2.905+-0.910; 465 2.877+-0.881; 490 2.779+-0.875 | sum rms/mean 1.2856 | sigma 0.0250 | acc 359 rej 2848 | move [0.0011, 0.0192, 0.0650] | rot [1.07, 5.09] | 36.3 s
Iter   36 | 413 2.534+-0.890; 439 2.905+-0.909; 465 2.876+-0.880; 490 2.779+-0.873 | sum rms/mean 1.2841 | sigma 0.0240 | acc 371 rej 2836 | move [0.0017, 0.0178, 0.0563] | rot [1.12, 6.96] | 36.6 s
Iter   37 | 413 2.534+-0.889; 439 2.904+-0.908; 465 2.876+-0.879; 490 2.778+-0.872 | sum rms/mean 1.2830 | sigma 0.0230 | acc 313 rej 2894 | move [0.0004, 0.0172, 0.0707] | rot [1.07, 4.90] | 37.1 s
Iter   38 | 413 2.533+-0.888; 439 2.904+-0.907; 465 2.876+-0.878; 490 2.778+-0.871 | sum rms/mean 1.2818 | sigma 0.0221 | acc 339 rej 2868 | move [0.0004, 0.0171, 0.0640] | rot [1.02, 6.18] | 37.3 s
Iter   39 | 413 2.533+-0.887; 439 2.904+-0.906; 465 2.875+-0.877; 490 2.778+-0.870 | sum rms/mean 1.2807 | sigma 0.0212 | acc 317 rej 2890 | move [0.0011, 0.0166, 0.0661] | rot [0.97, 5.54] | 38.0 s
Iter   40 | 413 2.532+-0.886; 439 2.904+-0.905; 465 2.875+-0.876; 490 2.777+-0.869 | sum rms/mean 1.2795 | sigma 0.0204 | acc 351 rej 2856 | move [0.0014, 0.0153, 0.0614] | rot [0.89, 3.98] | 38.3 s
final all randoms: 413 2.545+-0.886 (0.348) <1.5 10.91% <0.5 0.902%; 439 2.921+-0.905 (0.310) <1.5 5.52% <0.5 0.316%; 465 2.893+-0.875 (0.303) <1.5 5.36% <0.5 0.282%; 490 2.799+-0.867 (0.310) <1.5 6.51% <0.5 0.378%
final interior (68%): 413 2.581+-0.889 (0.345) <1.5 10.10% <0.5 0.802%; 439 2.968+-0.908 (0.306) <1.5 4.98% <0.5 0.272%; 465 2.936+-0.878 (0.299) <1.5 4.84% <0.5 0.245%; 490 2.840+-0.871 (0.307) <1.5 5.94% <0.5 0.334%
