camera: filters ['413', '439', '465', '490'], max radius 0.795 deg, area per filter [0.2606 0.2993 0.2961 0.286 ] deg^2 (THRU)
footprint: 802 centres, radius 0.75 deg, area 1193.6 deg^2
read 2000000 randoms from ../runA/atsushi_randoms_2000000.fits
Fibonacci lattice: 0.3742 deg^2 per tile (110229 all-sky), 3207 inside footprint + 0.0 deg margin
expected mean coverage per filter ~ [2.776 3.188 3.154 3.046] (tiles x rotations x area / footprint area; edge tiles cover outside)
using 2 worker process(es)
[timing] candidate sets in 7.7 s; mean 11192 randoms per tile
[timing] initial coverage in 22.0 s
[timing] 37 layers (mean 86.7 tiles) in 0.1 s
initial all randoms: 413 2.634+-1.115 (0.423) <1.5 13.57% <0.5 1.771%; 439 3.022+-1.133 (0.375) <1.5 8.02% <0.5 0.910%; 465 2.994+-1.196 (0.400) <1.5 10.69% <0.5 1.346%; 490 2.895+-1.090 (0.377) <1.5 9.47% <0.5 1.421%
initial interior (68%): 413 2.770+-1.080 (0.390) <1.5 9.55% <0.5 0.681%; 439 3.185+-1.080 (0.339) <1.5 4.55% <0.5 0.305%; 465 3.152+-1.150 (0.365) <1.5 7.40% <0.5 0.555%; 490 3.049+-1.040 (0.341) <1.5 5.81% <0.5 0.799%
Iter    1 | 413 2.604+-1.087; 439 2.987+-1.117; 465 2.956+-1.133; 490 2.856+-1.072 | sum rms/mean 1.5500 | sigma 0.1000 | acc 1370 (imp 1370) rej 1837 | move [0.0014, 0.0849, 0.4189] | 37.6 s
Iter    2 | 413 2.590+-1.061; 439 2.970+-1.093; 465 2.940+-1.090; 490 2.840+-1.049 | sum rms/mean 1.5177 | sigma 0.0960 | acc 1372 (imp 1372) rej 1835 | move [0.0008, 0.0911, 0.3079] | 36.5 s
Iter    3 | 413 2.580+-1.039; 439 2.958+-1.071; 465 2.928+-1.059; 490 2.828+-1.028 | sum rms/mean 1.4900 | sigma 0.0922 | acc 1262 (imp 1262) rej 1945 | move [0.0013, 0.0827, 0.3297] | 34.3 s
Iter    4 | 413 2.572+-1.022; 439 2.949+-1.050; 465 2.920+-1.033; 490 2.819+-1.009 | sum rms/mean 1.4652 | sigma 0.0885 | acc 1179 (imp 1179) rej 2028 | move [0.0027, 0.0742, 0.2941] | 32.6 s
Iter    5 | 413 2.567+-1.004; 439 2.941+-1.033; 465 2.913+-1.014; 490 2.812+-0.994 | sum rms/mean 1.4440 | sigma 0.0849 | acc 1062 (imp 1062) rej 2145 | move [0.0031, 0.0701, 0.2931] | 33.5 s
Iter    6 | 413 2.561+-0.993; 439 2.934+-1.021; 465 2.906+-0.999; 490 2.806+-0.982 | sum rms/mean 1.4292 | sigma 0.0815 | acc 979 (imp 979) rej 2228 | move [0.0005, 0.0634, 0.2449] | 34.2 s
Iter    7 | 413 2.557+-0.984; 439 2.929+-1.009; 465 2.902+-0.987; 490 2.801+-0.971 | sum rms/mean 1.4155 | sigma 0.0783 | acc 948 (imp 948) rej 2259 | move [0.0011, 0.0573, 0.2667] | 37.5 s
Iter    8 | 413 2.554+-0.976; 439 2.926+-0.998; 465 2.898+-0.976; 490 2.799+-0.961 | sum rms/mean 1.4036 | sigma 0.0751 | acc 859 (imp 859) rej 2348 | move [0.0008, 0.0559, 0.2289] | 37.7 s
Iter    9 | 413 2.552+-0.968; 439 2.924+-0.991; 465 2.895+-0.969; 490 2.796+-0.953 | sum rms/mean 1.3937 | sigma 0.0721 | acc 741 (imp 741) rej 2466 | move [0.0004, 0.0537, 0.2396] | 37.8 s
Iter   10 | 413 2.549+-0.962; 439 2.920+-0.983; 465 2.892+-0.961; 490 2.792+-0.947 | sum rms/mean 1.3857 | sigma 0.0693 | acc 726 (imp 726) rej 2481 | move [0.0025, 0.0496, 0.1922] | 34.3 s
Iter   11 | 413 2.546+-0.958; 439 2.917+-0.978; 465 2.888+-0.954; 490 2.789+-0.941 | sum rms/mean 1.3791 | sigma 0.0665 | acc 694 (imp 694) rej 2513 | move [0.0023, 0.0464, 0.2229] | 32.4 s
Iter   12 | 413 2.543+-0.953; 439 2.914+-0.973; 465 2.885+-0.949; 490 2.787+-0.936 | sum rms/mean 1.3737 | sigma 0.0638 | acc 623 (imp 623) rej 2584 | move [0.0004, 0.0432, 0.1813] | 35.7 s
Iter   13 | 413 2.541+-0.949; 439 2.913+-0.969; 465 2.883+-0.944; 490 2.785+-0.933 | sum rms/mean 1.3686 | sigma 0.0613 | acc 558 (imp 558) rej 2649 | move [0.0007, 0.0389, 0.1813] | 37.9 s
Iter   14 | 413 2.539+-0.946; 439 2.911+-0.964; 465 2.882+-0.940; 490 2.783+-0.929 | sum rms/mean 1.3636 | sigma 0.0588 | acc 583 (imp 583) rej 2624 | move [0.0021, 0.0383, 0.1645] | 36.6 s
Iter   15 | 413 2.538+-0.943; 439 2.910+-0.960; 465 2.880+-0.936; 490 2.783+-0.925 | sum rms/mean 1.3589 | sigma 0.0565 | acc 567 (imp 567) rej 2640 | move [0.0010, 0.0372, 0.1376] | 37.3 s
Iter   16 | 413 2.538+-0.940; 439 2.909+-0.957; 465 2.879+-0.932; 490 2.782+-0.922 | sum rms/mean 1.3546 | sigma 0.0542 | acc 532 (imp 532) rej 2675 | move [0.0031, 0.0365, 0.2083] | 37.2 s
Iter   17 | 413 2.537+-0.937; 439 2.908+-0.954; 465 2.878+-0.929; 490 2.781+-0.920 | sum rms/mean 1.3510 | sigma 0.0520 | acc 515 (imp 515) rej 2692 | move [0.0006, 0.0312, 0.1547] | 33.8 s
Iter   18 | 413 2.537+-0.935; 439 2.907+-0.952; 465 2.878+-0.927; 490 2.780+-0.917 | sum rms/mean 1.3477 | sigma 0.0500 | acc 467 (imp 467) rej 2740 | move [0.0003, 0.0296, 0.1189] | 35.1 s
Iter   19 | 413 2.536+-0.932; 439 2.906+-0.949; 465 2.878+-0.925; 490 2.779+-0.915 | sum rms/mean 1.3452 | sigma 0.0480 | acc 430 (imp 430) rej 2777 | move [0.0020, 0.0308, 0.1219] | 32.6 s
Iter   20 | 413 2.534+-0.931; 439 2.905+-0.947; 465 2.876+-0.923; 490 2.778+-0.913 | sum rms/mean 1.3429 | sigma 0.0460 | acc 422 (imp 422) rej 2785 | move [0.0005, 0.0285, 0.1364] | 33.7 s
Iter   21 | 413 2.533+-0.928; 439 2.904+-0.945; 465 2.875+-0.920; 490 2.777+-0.911 | sum rms/mean 1.3403 | sigma 0.0442 | acc 446 (imp 446) rej 2761 | move [0.0014, 0.0265, 0.1127] | 33.6 s
Iter   22 | 413 2.533+-0.927; 439 2.903+-0.944; 465 2.875+-0.919; 490 2.776+-0.909 | sum rms/mean 1.3380 | sigma 0.0424 | acc 434 (imp 434) rej 2773 | move [0.0008, 0.0232, 0.1199] | 36.3 s
Iter   23 | 413 2.532+-0.926; 439 2.903+-0.942; 465 2.874+-0.917; 490 2.776+-0.908 | sum rms/mean 1.3361 | sigma 0.0407 | acc 400 (imp 400) rej 2807 | move [0.0004, 0.0252, 0.1359] | 37.5 s
Iter   24 | 413 2.532+-0.924; 439 2.903+-0.940; 465 2.874+-0.915; 490 2.776+-0.906 | sum rms/mean 1.3339 | sigma 0.0391 | acc 387 (imp 387) rej 2820 | move [0.0012, 0.0234, 0.1043] | 36.8 s
Iter   25 | 413 2.532+-0.923; 439 2.903+-0.938; 465 2.874+-0.914; 490 2.776+-0.905 | sum rms/mean 1.3318 | sigma 0.0375 | acc 375 (imp 375) rej 2832 | move [0.0004, 0.0236, 0.1121] | 36.5 s
Iter   26 | 413 2.531+-0.922; 439 2.902+-0.937; 465 2.873+-0.912; 490 2.775+-0.903 | sum rms/mean 1.3302 | sigma 0.0360 | acc 348 (imp 348) rej 2859 | move [0.0008, 0.0189, 0.1103] | 37.6 s
Iter   27 | 413 2.531+-0.921; 439 2.902+-0.936; 465 2.873+-0.911; 490 2.775+-0.902 | sum rms/mean 1.3288 | sigma 0.0346 | acc 339 (imp 339) rej 2868 | move [0.0001, 0.0187, 0.1036] | 35.6 s
Iter   28 | 413 2.531+-0.920; 439 2.901+-0.935; 465 2.873+-0.910; 490 2.774+-0.901 | sum rms/mean 1.3273 | sigma 0.0332 | acc 341 (imp 341) rej 2866 | move [0.0018, 0.0202, 0.0889] | 37.1 s
Iter   29 | 413 2.530+-0.919; 439 2.901+-0.934; 465 2.872+-0.909; 490 2.774+-0.900 | sum rms/mean 1.3261 | sigma 0.0319 | acc 323 (imp 323) rej 2884 | move [0.0001, 0.0190, 0.0744] | 35.8 s
Iter   30 | 413 2.530+-0.918; 439 2.900+-0.933; 465 2.872+-0.908; 490 2.774+-0.899 | sum rms/mean 1.3247 | sigma 0.0306 | acc 359 (imp 359) rej 2848 | move [0.0013, 0.0174, 0.0752] | 36.6 s
Iter   31 | 413 2.529+-0.917; 439 2.900+-0.931; 465 2.871+-0.907; 490 2.773+-0.898 | sum rms/mean 1.3237 | sigma 0.0294 | acc 296 (imp 296) rej 2911 | move [0.0002, 0.0182, 0.0880] | 36.4 s
Iter   32 | 413 2.529+-0.916; 439 2.899+-0.930; 465 2.870+-0.907; 490 2.773+-0.897 | sum rms/mean 1.3225 | sigma 0.0282 | acc 295 (imp 295) rej 2912 | move [0.0005, 0.0163, 0.0902] | 32.1 s
Iter   33 | 413 2.529+-0.915; 439 2.899+-0.930; 465 2.870+-0.905; 490 2.773+-0.896 | sum rms/mean 1.3214 | sigma 0.0271 | acc 311 (imp 311) rej 2896 | move [0.0006, 0.0155, 0.0737] | 32.5 s
Iter   34 | 413 2.529+-0.914; 439 2.898+-0.929; 465 2.870+-0.904; 490 2.772+-0.896 | sum rms/mean 1.3204 | sigma 0.0260 | acc 294 (imp 294) rej 2913 | move [0.0004, 0.0144, 0.0680] | 36.5 s
Iter   35 | 413 2.529+-0.914; 439 2.898+-0.929; 465 2.869+-0.903; 490 2.772+-0.895 | sum rms/mean 1.3195 | sigma 0.0250 | acc 295 (imp 295) rej 2912 | move [0.0003, 0.0141, 0.0763] | 36.6 s
Iter   36 | 413 2.529+-0.913; 439 2.898+-0.928; 465 2.869+-0.903; 490 2.772+-0.894 | sum rms/mean 1.3186 | sigma 0.0240 | acc 292 (imp 292) rej 2915 | move [0.0007, 0.0138, 0.0636] | 36.8 s
Iter   37 | 413 2.528+-0.913; 439 2.898+-0.927; 465 2.869+-0.902; 490 2.772+-0.893 | sum rms/mean 1.3177 | sigma 0.0230 | acc 288 (imp 288) rej 2919 | move [0.0006, 0.0116, 0.0535] | 36.4 s
Iter   38 | 413 2.528+-0.912; 439 2.898+-0.927; 465 2.869+-0.902; 490 2.772+-0.893 | sum rms/mean 1.3170 | sigma 0.0221 | acc 249 (imp 249) rej 2958 | move [0.0007, 0.0120, 0.0712] | 33.1 s
Iter   39 | 413 2.528+-0.911; 439 2.898+-0.926; 465 2.869+-0.901; 490 2.772+-0.892 | sum rms/mean 1.3162 | sigma 0.0212 | acc 264 (imp 264) rej 2943 | move [0.0003, 0.0119, 0.0631] | 37.3 s
Iter   40 | 413 2.528+-0.911; 439 2.897+-0.926; 465 2.869+-0.900; 490 2.771+-0.892 | sum rms/mean 1.3153 | sigma 0.0204 | acc 298 (imp 298) rej 2909 | move [0.0005, 0.0107, 0.0555] | 37.8 s
final all randoms: 413 2.541+-0.910 (0.358) <1.5 11.50% <0.5 0.970%; 439 2.915+-0.925 (0.317) <1.5 5.85% <0.5 0.337%; 465 2.887+-0.899 (0.311) <1.5 5.77% <0.5 0.315%; 490 2.793+-0.890 (0.318) <1.5 6.94% <0.5 0.398%
final interior (68%): 413 2.570+-0.918 (0.357) <1.5 10.92% <0.5 0.913%; 439 2.958+-0.932 (0.315) <1.5 5.39% <0.5 0.315%; 465 2.924+-0.905 (0.309) <1.5 5.32% <0.5 0.283%; 490 2.829+-0.897 (0.317) <1.5 6.47% <0.5 0.369%
