camera: filters ['413', '439', '465', '490'], max radius 0.795 deg, area per filter [0.2606 0.2993 0.2961 0.286 ] deg^2 (THRU)
footprint: 802 centres, radius 0.75 deg, area 1193.6 deg^2
generated 2000000 randoms in the footprint -> hironao_randoms_2000000.fits
3208 tiles = 802 pointings x 4 offsets
expected mean coverage per filter ~ [2.784 3.197 3.163 3.054] (tiles x rotations x area / footprint area; edge tiles cover outside)
[timing] candidate sets in 9.7 s; mean 15045 randoms per tile
[timing] initial coverage in 24.6 s
initial all randoms: 413 2.678+-1.211 (0.452) <1.5 17.05% <0.5 2.894%; 439 3.073+-1.185 (0.386) <1.5 9.99% <0.5 1.116%; 465 3.042+-1.212 (0.398) <1.5 10.95% <0.5 1.584%; 490 2.943+-1.157 (0.393) <1.5 11.32% <0.5 1.460%
initial interior (68%): 413 2.829+-1.188 (0.420) <1.5 12.90% <0.5 2.038%; 439 3.232+-1.120 (0.346) <1.5 6.46% <0.5 0.760%; 465 3.222+-1.163 (0.361) <1.5 7.37% <0.5 1.147%; 490 3.100+-1.097 (0.354) <1.5 7.60% <0.5 0.941%
Iter    1 | 413 2.650+-1.161; 439 3.041+-1.152; 465 3.009+-1.150; 490 2.908+-1.113 | sum rms/mean 1.5814 | sigma 0.1000 | acc 1676 (imp 1676) rej 1532 | move [0.0031, 0.1042, 0.3681] | 99.2 s
Iter    2 | 413 2.640+-1.111; 439 3.028+-1.118; 465 2.997+-1.103; 490 2.896+-1.078 | sum rms/mean 1.5306 | sigma 0.0960 | acc 1587 (imp 1587) rej 1621 | move [0.0017, 0.0952, 0.3265] | 93.8 s
Iter    3 | 413 2.630+-1.076; 439 3.017+-1.089; 465 2.986+-1.066; 490 2.885+-1.048 | sum rms/mean 1.4905 | sigma 0.0922 | acc 1467 (imp 1467) rej 1741 | move [0.0014, 0.0851, 0.3553] | 91.6 s
Iter    4 | 413 2.621+-1.051; 439 3.005+-1.067; 465 2.975+-1.042; 490 2.874+-1.027 | sum rms/mean 1.4637 | sigma 0.0885 | acc 1244 (imp 1244) rej 1964 | move [0.0007, 0.0773, 0.3177] | 102.0 s
Iter    5 | 413 2.614+-1.033; 439 2.998+-1.049; 465 2.967+-1.023; 490 2.867+-1.009 | sum rms/mean 1.4419 | sigma 0.0849 | acc 1129 (imp 1129) rej 2079 | move [0.0040, 0.0687, 0.2522] | 103.0 s
Iter    6 | 413 2.608+-1.018; 439 2.992+-1.034; 465 2.960+-1.008; 490 2.861+-0.996 | sum rms/mean 1.4247 | sigma 0.0815 | acc 1010 (imp 1010) rej 2198 | move [0.0012, 0.0617, 0.2284] | 104.9 s
Iter    7 | 413 2.604+-1.006; 439 2.986+-1.023; 465 2.955+-0.996; 490 2.855+-0.984 | sum rms/mean 1.4111 | sigma 0.0783 | acc 865 (imp 865) rej 2343 | move [0.0010, 0.0579, 0.2839] | 91.6 s
Iter    8 | 413 2.599+-0.997; 439 2.980+-1.013; 465 2.950+-0.986; 490 2.849+-0.975 | sum rms/mean 1.4002 | sigma 0.0751 | acc 822 (imp 822) rej 2386 | move [0.0022, 0.0545, 0.2428] | 89.2 s
Iter    9 | 413 2.596+-0.989; 439 2.977+-1.004; 465 2.947+-0.977; 490 2.846+-0.967 | sum rms/mean 1.3894 | sigma 0.0721 | acc 786 (imp 786) rej 2422 | move [0.0022, 0.0520, 0.2283] | 98.0 s
Iter   10 | 413 2.593+-0.981; 439 2.973+-0.998; 465 2.943+-0.970; 490 2.842+-0.959 | sum rms/mean 1.3811 | sigma 0.0693 | acc 714 (imp 714) rej 2494 | move [0.0006, 0.0460, 0.2076] | 89.1 s
Iter   11 | 413 2.590+-0.975; 439 2.970+-0.992; 465 2.940+-0.963; 490 2.839+-0.953 | sum rms/mean 1.3740 | sigma 0.0665 | acc 673 (imp 673) rej 2535 | move [0.0015, 0.0460, 0.1961] | 88.4 s
Iter   12 | 413 2.588+-0.970; 439 2.966+-0.987; 465 2.936+-0.958; 490 2.835+-0.948 | sum rms/mean 1.3680 | sigma 0.0638 | acc 670 (imp 670) rej 2538 | move [0.0005, 0.0422, 0.1738] | 89.3 s
Iter   13 | 413 2.584+-0.966; 439 2.963+-0.982; 465 2.933+-0.953; 490 2.832+-0.944 | sum rms/mean 1.3630 | sigma 0.0613 | acc 617 (imp 617) rej 2591 | move [0.0015, 0.0422, 0.2195] | 94.0 s
Iter   14 | 413 2.582+-0.962; 439 2.960+-0.978; 465 2.930+-0.949; 490 2.830+-0.940 | sum rms/mean 1.3587 | sigma 0.0588 | acc 559 (imp 559) rej 2649 | move [0.0006, 0.0398, 0.1747] | 95.6 s
Iter   15 | 413 2.579+-0.958; 439 2.958+-0.974; 465 2.928+-0.946; 490 2.828+-0.935 | sum rms/mean 1.3544 | sigma 0.0565 | acc 544 (imp 544) rej 2664 | move [0.0014, 0.0376, 0.1589] | 99.7 s
Iter   16 | 413 2.578+-0.955; 439 2.955+-0.970; 465 2.926+-0.942; 490 2.825+-0.932 | sum rms/mean 1.3507 | sigma 0.0542 | acc 535 (imp 535) rej 2673 | move [0.0014, 0.0341, 0.1595] | 96.6 s
Iter   17 | 413 2.576+-0.952; 439 2.953+-0.966; 465 2.924+-0.939; 490 2.823+-0.929 | sum rms/mean 1.3470 | sigma 0.0520 | acc 537 (imp 537) rej 2671 | move [0.0007, 0.0348, 0.1349] | 88.3 s
Iter   18 | 413 2.575+-0.949; 439 2.952+-0.964; 465 2.923+-0.936; 490 2.822+-0.926 | sum rms/mean 1.3435 | sigma 0.0500 | acc 517 (imp 517) rej 2691 | move [0.0007, 0.0308, 0.1336] | 98.7 s
Iter   19 | 413 2.574+-0.947; 439 2.950+-0.961; 465 2.922+-0.933; 490 2.820+-0.924 | sum rms/mean 1.3407 | sigma 0.0480 | acc 445 (imp 445) rej 2763 | move [0.0010, 0.0310, 0.1151] | 89.3 s
Iter   20 | 413 2.573+-0.945; 439 2.949+-0.959; 465 2.921+-0.931; 490 2.819+-0.922 | sum rms/mean 1.3379 | sigma 0.0460 | acc 466 (imp 466) rej 2742 | move [0.0005, 0.0272, 0.1128] | 98.6 s
Iter   21 | 413 2.572+-0.943; 439 2.949+-0.957; 465 2.920+-0.929; 490 2.819+-0.920 | sum rms/mean 1.3354 | sigma 0.0442 | acc 404 (imp 404) rej 2804 | move [0.0009, 0.0265, 0.1258] | 91.8 s
Iter   22 | 413 2.571+-0.941; 439 2.948+-0.955; 465 2.919+-0.927; 490 2.818+-0.918 | sum rms/mean 1.3331 | sigma 0.0424 | acc 399 (imp 399) rej 2809 | move [0.0008, 0.0254, 0.1114] | 106.2 s
Iter   23 | 413 2.570+-0.939; 439 2.946+-0.953; 465 2.917+-0.925; 490 2.817+-0.916 | sum rms/mean 1.3314 | sigma 0.0407 | acc 416 (imp 416) rej 2792 | move [0.0010, 0.0253, 0.1223] | 95.0 s
Iter   24 | 413 2.569+-0.937; 439 2.946+-0.952; 465 2.917+-0.923; 490 2.817+-0.915 | sum rms/mean 1.3292 | sigma 0.0391 | acc 404 (imp 404) rej 2804 | move [0.0009, 0.0233, 0.1309] | 96.7 s
Iter   25 | 413 2.568+-0.936; 439 2.945+-0.950; 465 2.915+-0.922; 490 2.815+-0.913 | sum rms/mean 1.3275 | sigma 0.0375 | acc 408 (imp 408) rej 2800 | move [0.0013, 0.0206, 0.1152] | 86.1 s
Iter   26 | 413 2.568+-0.934; 439 2.944+-0.949; 465 2.915+-0.920; 490 2.815+-0.912 | sum rms/mean 1.3257 | sigma 0.0360 | acc 395 (imp 395) rej 2813 | move [0.0004, 0.0214, 0.1220] | 86.2 s
Iter   27 | 413 2.567+-0.933; 439 2.944+-0.948; 465 2.914+-0.919; 490 2.814+-0.910 | sum rms/mean 1.3241 | sigma 0.0346 | acc 354 (imp 354) rej 2854 | move [0.0011, 0.0199, 0.1041] | 86.1 s
Iter   28 | 413 2.567+-0.932; 439 2.943+-0.947; 465 2.913+-0.917; 490 2.814+-0.909 | sum rms/mean 1.3224 | sigma 0.0332 | acc 381 (imp 381) rej 2827 | move [0.0009, 0.0190, 0.0926] | 86.4 s
Iter   29 | 413 2.566+-0.931; 439 2.943+-0.945; 465 2.913+-0.915; 490 2.813+-0.908 | sum rms/mean 1.3206 | sigma 0.0319 | acc 389 (imp 389) rej 2819 | move [0.0004, 0.0191, 0.0707] | 84.3 s
Iter   30 | 413 2.566+-0.929; 439 2.943+-0.944; 465 2.912+-0.914; 490 2.813+-0.907 | sum rms/mean 1.3193 | sigma 0.0306 | acc 365 (imp 365) rej 2843 | move [0.0006, 0.0194, 0.0875] | 86.1 s
Iter   31 | 413 2.565+-0.929; 439 2.942+-0.942; 465 2.911+-0.914; 490 2.812+-0.905 | sum rms/mean 1.3182 | sigma 0.0294 | acc 348 (imp 348) rej 2860 | move [0.0002, 0.0163, 0.0786] | 86.8 s
Iter   32 | 413 2.565+-0.928; 439 2.941+-0.941; 465 2.911+-0.913; 490 2.812+-0.904 | sum rms/mean 1.3168 | sigma 0.0282 | acc 332 (imp 332) rej 2876 | move [0.0011, 0.0182, 0.0718] | 87.8 s
Iter   33 | 413 2.565+-0.927; 439 2.941+-0.940; 465 2.911+-0.912; 490 2.811+-0.903 | sum rms/mean 1.3156 | sigma 0.0271 | acc 338 (imp 338) rej 2870 | move [0.0009, 0.0151, 0.0681] | 95.6 s
Iter   34 | 413 2.564+-0.926; 439 2.941+-0.939; 465 2.911+-0.911; 490 2.811+-0.902 | sum rms/mean 1.3144 | sigma 0.0260 | acc 333 (imp 333) rej 2875 | move [0.0006, 0.0150, 0.0624] | 88.2 s
Iter   35 | 413 2.564+-0.925; 439 2.941+-0.938; 465 2.911+-0.910; 490 2.811+-0.901 | sum rms/mean 1.3132 | sigma 0.0250 | acc 322 (imp 322) rej 2886 | move [0.0006, 0.0130, 0.0967] | 93.9 s
Iter   36 | 413 2.564+-0.924; 439 2.941+-0.937; 465 2.910+-0.909; 490 2.810+-0.901 | sum rms/mean 1.3122 | sigma 0.0240 | acc 311 (imp 311) rej 2897 | move [0.0015, 0.0152, 0.0669] | 100.1 s
Iter   37 | 413 2.564+-0.924; 439 2.940+-0.936; 465 2.910+-0.908; 490 2.810+-0.900 | sum rms/mean 1.3113 | sigma 0.0230 | acc 300 (imp 300) rej 2908 | move [0.0010, 0.0130, 0.0683] | 87.2 s
Iter   38 | 413 2.563+-0.923; 439 2.940+-0.935; 465 2.909+-0.908; 490 2.810+-0.899 | sum rms/mean 1.3104 | sigma 0.0221 | acc 329 (imp 329) rej 2879 | move [0.0004, 0.0131, 0.0531] | 103.0 s
Iter   39 | 413 2.563+-0.923; 439 2.940+-0.934; 465 2.910+-0.907; 490 2.810+-0.898 | sum rms/mean 1.3094 | sigma 0.0212 | acc 335 (imp 335) rej 2873 | move [0.0001, 0.0109, 0.0631] | 90.9 s
Iter   40 | 413 2.563+-0.922; 439 2.940+-0.934; 465 2.910+-0.906; 490 2.810+-0.898 | sum rms/mean 1.3084 | sigma 0.0204 | acc 308 (imp 308) rej 2900 | move [0.0004, 0.0112, 0.0514] | 87.6 s
final all randoms: 413 2.577+-0.922 (0.358) <1.5 11.12% <0.5 0.943%; 439 2.957+-0.934 (0.316) <1.5 5.57% <0.5 0.327%; 465 2.928+-0.906 (0.309) <1.5 5.41% <0.5 0.293%; 490 2.832+-0.897 (0.317) <1.5 6.53% <0.5 0.371%
final interior (68%): 413 2.609+-0.925 (0.354) <1.5 10.36% <0.5 0.864%; 439 3.006+-0.931 (0.310) <1.5 4.96% <0.5 0.277%; 465 2.974+-0.903 (0.303) <1.5 4.76% <0.5 0.239%; 490 2.872+-0.894 (0.311) <1.5 5.88% <0.5 0.319%
