camera: filters ['413', '439', '465', '490'], max radius 0.795 deg, area per filter [0.2606 0.2993 0.2961 0.286 ] deg^2 (THRU)
footprint: 802 centres, radius 0.75 deg, area 1193.6 deg^2
read 2000000 randoms from ../runA/hironao_randoms_2000000.fits
Fibonacci lattice: 0.4252 deg^2 per tile (97017 all-sky), 3221 inside footprint + 0.4 deg margin
expected mean coverage per filter ~ [2.788 3.202 3.168 3.06 ] (tiles x rotations x area / footprint area; edge tiles cover outside)
[timing] candidate sets in 11.2 s; mean 13879 randoms per tile
[timing] initial coverage in 25.3 s
initial all randoms: 413 2.440+-0.963 (0.395) <1.5 13.75% <0.5 0.856%; 439 2.805+-1.002 (0.357) <1.5 8.13% <0.5 0.794%; 465 2.776+-1.011 (0.364) <1.5 9.61% <0.5 0.502%; 490 2.685+-0.907 (0.338) <1.5 8.59% <0.5 0.558%
initial interior (68%): 413 2.455+-0.963 (0.392) <1.5 13.19% <0.5 0.780%; 439 2.828+-1.006 (0.356) <1.5 7.76% <0.5 0.749%; 465 2.794+-1.011 (0.362) <1.5 9.14% <0.5 0.454%; 490 2.703+-0.906 (0.335) <1.5 8.25% <0.5 0.515%
Iter    1 | 413 2.407+-0.951; 439 2.763+-0.996; 465 2.733+-0.998; 490 2.641+-0.906 | sum rms/mean 1.4640 | sigma 0.1000 | acc 635 (imp 635) rej 2586 | move [0.0044, 0.0833, 0.3276] | 90.5 s
Iter    2 | 413 2.387+-0.942; 439 2.741+-0.987; 465 2.712+-0.987; 490 2.620+-0.904 | sum rms/mean 1.4636 | sigma 0.0960 | acc 676 (imp 676) rej 2545 | move [0.0032, 0.0760, 0.3244] | 92.5 s
Iter    3 | 413 2.373+-0.934; 439 2.726+-0.979; 465 2.696+-0.976; 490 2.605+-0.902 | sum rms/mean 1.4613 | sigma 0.0922 | acc 678 (imp 678) rej 2543 | move [0.0025, 0.0680, 0.2345] | 91.1 s
Iter    4 | 413 2.361+-0.927; 439 2.712+-0.972; 465 2.683+-0.966; 490 2.592+-0.899 | sum rms/mean 1.4582 | sigma 0.0885 | acc 676 (imp 676) rej 2545 | move [0.0005, 0.0667, 0.2732] | 88.0 s
Iter    5 | 413 2.351+-0.921; 439 2.701+-0.965; 465 2.671+-0.959; 490 2.581+-0.897 | sum rms/mean 1.4550 | sigma 0.0849 | acc 666 (imp 666) rej 2555 | move [0.0006, 0.0609, 0.2637] | 90.4 s
Iter    6 | 413 2.344+-0.915; 439 2.693+-0.958; 465 2.664+-0.951; 490 2.574+-0.893 | sum rms/mean 1.4501 | sigma 0.0815 | acc 649 (imp 649) rej 2572 | move [0.0023, 0.0572, 0.2550] | 84.7 s
Iter    7 | 413 2.338+-0.910; 439 2.686+-0.953; 465 2.656+-0.944; 490 2.567+-0.890 | sum rms/mean 1.4462 | sigma 0.0783 | acc 650 (imp 650) rej 2571 | move [0.0019, 0.0542, 0.2229] | 88.3 s
Iter    8 | 413 2.333+-0.905; 439 2.680+-0.947; 465 2.650+-0.938; 490 2.561+-0.887 | sum rms/mean 1.4417 | sigma 0.0751 | acc 625 (imp 625) rej 2596 | move [0.0022, 0.0552, 0.1977] | 90.7 s
Iter    9 | 413 2.327+-0.902; 439 2.673+-0.941; 465 2.644+-0.932; 490 2.555+-0.884 | sum rms/mean 1.4384 | sigma 0.0721 | acc 627 (imp 627) rej 2594 | move [0.0002, 0.0516, 0.2196] | 88.6 s
Iter   10 | 413 2.323+-0.898; 439 2.668+-0.936; 465 2.639+-0.927; 490 2.551+-0.880 | sum rms/mean 1.4338 | sigma 0.0693 | acc 658 (imp 658) rej 2563 | move [0.0029, 0.0479, 0.1893] | 92.2 s
Iter   11 | 413 2.320+-0.895; 439 2.664+-0.930; 465 2.636+-0.923; 490 2.547+-0.877 | sum rms/mean 1.4295 | sigma 0.0665 | acc 593 (imp 593) rej 2628 | move [0.0009, 0.0480, 0.1889] | 89.3 s
Iter   12 | 413 2.317+-0.892; 439 2.661+-0.925; 465 2.632+-0.918; 490 2.543+-0.874 | sum rms/mean 1.4253 | sigma 0.0638 | acc 611 (imp 611) rej 2610 | move [0.0017, 0.0426, 0.2114] | 89.8 s
Iter   13 | 413 2.315+-0.889; 439 2.658+-0.921; 465 2.629+-0.914; 490 2.540+-0.871 | sum rms/mean 1.4213 | sigma 0.0613 | acc 557 (imp 557) rej 2664 | move [0.0024, 0.0410, 0.1866] | 90.3 s
Iter   14 | 413 2.312+-0.887; 439 2.655+-0.918; 465 2.627+-0.910; 490 2.537+-0.868 | sum rms/mean 1.4178 | sigma 0.0588 | acc 545 (imp 545) rej 2676 | move [0.0006, 0.0389, 0.1661] | 89.4 s
Iter   15 | 413 2.310+-0.885; 439 2.653+-0.914; 465 2.624+-0.906; 490 2.535+-0.866 | sum rms/mean 1.4146 | sigma 0.0565 | acc 542 (imp 542) rej 2679 | move [0.0011, 0.0374, 0.1566] | 85.7 s
Iter   16 | 413 2.308+-0.883; 439 2.650+-0.912; 465 2.622+-0.903; 490 2.533+-0.863 | sum rms/mean 1.4118 | sigma 0.0542 | acc 534 (imp 534) rej 2687 | move [0.0013, 0.0383, 0.1559] | 85.1 s
Iter   17 | 413 2.306+-0.880; 439 2.648+-0.908; 465 2.619+-0.900; 490 2.530+-0.861 | sum rms/mean 1.4084 | sigma 0.0520 | acc 573 (imp 573) rej 2648 | move [0.0013, 0.0354, 0.1364] | 91.1 s
Iter   18 | 413 2.304+-0.878; 439 2.646+-0.904; 465 2.618+-0.897; 490 2.528+-0.858 | sum rms/mean 1.4050 | sigma 0.0500 | acc 547 (imp 547) rej 2674 | move [0.0006, 0.0323, 0.1260] | 89.2 s
Iter   19 | 413 2.302+-0.876; 439 2.644+-0.902; 465 2.616+-0.895; 490 2.527+-0.857 | sum rms/mean 1.4026 | sigma 0.0480 | acc 477 (imp 477) rej 2744 | move [0.0008, 0.0335, 0.1528] | 88.2 s
Iter   20 | 413 2.301+-0.875; 439 2.642+-0.900; 465 2.614+-0.891; 490 2.525+-0.854 | sum rms/mean 1.4000 | sigma 0.0460 | acc 469 (imp 469) rej 2752 | move [0.0005, 0.0300, 0.1138] | 94.8 s
Iter   21 | 413 2.300+-0.873; 439 2.640+-0.898; 465 2.613+-0.889; 490 2.524+-0.853 | sum rms/mean 1.3980 | sigma 0.0442 | acc 494 (imp 494) rej 2727 | move [0.0006, 0.0269, 0.1329] | 88.8 s
Iter   22 | 413 2.298+-0.872; 439 2.639+-0.896; 465 2.611+-0.887; 490 2.522+-0.851 | sum rms/mean 1.3962 | sigma 0.0424 | acc 424 (imp 424) rej 2797 | move [0.0005, 0.0275, 0.1528] | 91.3 s
Iter   23 | 413 2.297+-0.870; 439 2.637+-0.894; 465 2.610+-0.886; 490 2.521+-0.850 | sum rms/mean 1.3947 | sigma 0.0407 | acc 417 (imp 417) rej 2804 | move [0.0007, 0.0247, 0.1227] | 91.0 s
Iter   24 | 413 2.296+-0.869; 439 2.637+-0.893; 465 2.609+-0.884; 490 2.520+-0.848 | sum rms/mean 1.3928 | sigma 0.0391 | acc 424 (imp 424) rej 2797 | move [0.0009, 0.0234, 0.1160] | 84.9 s
Iter   25 | 413 2.295+-0.868; 439 2.636+-0.891; 465 2.608+-0.883; 490 2.519+-0.847 | sum rms/mean 1.3910 | sigma 0.0375 | acc 421 (imp 421) rej 2800 | move [0.0010, 0.0248, 0.1003] | 89.1 s
Iter   26 | 413 2.295+-0.867; 439 2.635+-0.890; 465 2.607+-0.881; 490 2.518+-0.846 | sum rms/mean 1.3892 | sigma 0.0360 | acc 451 (imp 451) rej 2770 | move [0.0007, 0.0227, 0.1051] | 87.8 s
Iter   27 | 413 2.294+-0.865; 439 2.634+-0.888; 465 2.606+-0.880; 490 2.517+-0.844 | sum rms/mean 1.3877 | sigma 0.0346 | acc 431 (imp 431) rej 2790 | move [0.0005, 0.0223, 0.0862] | 88.7 s
Iter   28 | 413 2.293+-0.864; 439 2.633+-0.887; 465 2.605+-0.879; 490 2.516+-0.843 | sum rms/mean 1.3859 | sigma 0.0332 | acc 406 (imp 406) rej 2815 | move [0.0007, 0.0227, 0.0906] | 88.7 s
Iter   29 | 413 2.293+-0.863; 439 2.632+-0.886; 465 2.605+-0.877; 490 2.515+-0.842 | sum rms/mean 1.3844 | sigma 0.0319 | acc 415 (imp 415) rej 2806 | move [0.0007, 0.0198, 0.0834] | 86.6 s
Iter   30 | 413 2.292+-0.862; 439 2.631+-0.885; 465 2.604+-0.876; 490 2.515+-0.841 | sum rms/mean 1.3830 | sigma 0.0306 | acc 395 (imp 395) rej 2826 | move [0.0003, 0.0185, 0.0898] | 85.5 s
Iter   31 | 413 2.291+-0.861; 439 2.630+-0.884; 465 2.603+-0.875; 490 2.514+-0.840 | sum rms/mean 1.3817 | sigma 0.0294 | acc 388 (imp 388) rej 2833 | move [0.0001, 0.0196, 0.0832] | 86.3 s
Iter   32 | 413 2.290+-0.860; 439 2.629+-0.882; 465 2.601+-0.874; 490 2.513+-0.839 | sum rms/mean 1.3807 | sigma 0.0282 | acc 378 (imp 378) rej 2843 | move [0.0006, 0.0202, 0.0826] | 88.1 s
Iter   33 | 413 2.289+-0.859; 439 2.628+-0.881; 465 2.601+-0.873; 490 2.512+-0.838 | sum rms/mean 1.3798 | sigma 0.0271 | acc 368 (imp 368) rej 2853 | move [0.0008, 0.0167, 0.0936] | 90.1 s
Iter   34 | 413 2.289+-0.859; 439 2.628+-0.880; 465 2.600+-0.871; 490 2.511+-0.837 | sum rms/mean 1.3786 | sigma 0.0260 | acc 390 (imp 390) rej 2831 | move [0.0006, 0.0162, 0.0704] | 90.0 s
Iter   35 | 413 2.288+-0.858; 439 2.627+-0.879; 465 2.599+-0.871; 490 2.511+-0.836 | sum rms/mean 1.3775 | sigma 0.0250 | acc 346 (imp 346) rej 2875 | move [0.0006, 0.0156, 0.0827] | 91.7 s
Iter   36 | 413 2.288+-0.857; 439 2.626+-0.879; 465 2.599+-0.870; 490 2.510+-0.835 | sum rms/mean 1.3766 | sigma 0.0240 | acc 345 (imp 345) rej 2876 | move [0.0016, 0.0156, 0.0613] | 83.6 s
Iter   37 | 413 2.288+-0.856; 439 2.626+-0.878; 465 2.598+-0.869; 490 2.510+-0.835 | sum rms/mean 1.3756 | sigma 0.0230 | acc 327 (imp 327) rej 2894 | move [0.0003, 0.0137, 0.0730] | 84.9 s
Iter   38 | 413 2.287+-0.856; 439 2.626+-0.877; 465 2.598+-0.868; 490 2.510+-0.834 | sum rms/mean 1.3746 | sigma 0.0221 | acc 326 (imp 326) rej 2895 | move [0.0004, 0.0148, 0.0646] | 87.3 s
Iter   39 | 413 2.287+-0.855; 439 2.625+-0.876; 465 2.598+-0.867; 490 2.509+-0.833 | sum rms/mean 1.3736 | sigma 0.0212 | acc 339 (imp 339) rej 2882 | move [0.0003, 0.0127, 0.0526] | 85.2 s
Iter   40 | 413 2.286+-0.855; 439 2.625+-0.875; 465 2.597+-0.867; 490 2.509+-0.832 | sum rms/mean 1.3729 | sigma 0.0204 | acc 311 (imp 311) rej 2910 | move [0.0003, 0.0119, 0.0470] | 91.3 s
final all randoms: 413 2.295+-0.855 (0.372) <1.5 15.96% <0.5 1.290%; 439 2.640+-0.877 (0.332) <1.5 8.86% <0.5 0.492%; 465 2.613+-0.866 (0.331) <1.5 9.36% <0.5 0.510%; 490 2.528+-0.832 (0.329) <1.5 10.18% <0.5 0.574%
final interior (68%): 413 2.319+-0.871 (0.375) <1.5 15.62% <0.5 1.238%; 439 2.669+-0.895 (0.335) <1.5 8.69% <0.5 0.493%; 465 2.640+-0.888 (0.336) <1.5 9.25% <0.5 0.519%; 490 2.554+-0.849 (0.332) <1.5 9.98% <0.5 0.568%
